<testsuites name="results">
  <testsuite name="all" package="all">
    <property name="random_seed" value="1779014904" />
    <testcase name="test_pid_golden_match" classname="test_pid_fast" file="/home/thomassv99/fpga_projects/pid_control/test_pid_fast.py" lineno="5" time="0.8024082183837891" sim_time_ns="280008.0" ratio_time="348959.5365361439" />
  </testsuite>
</testsuites>